[33m❯[39m Building...
[32m✔[39m Building...
[1mInitial chunk files[22m[2m | [22m[1mNames[22m                  [2m | [22m [1mRaw size[22m
[32mpolyfills.js[39m       [2m | [22m[2mpolyfills[22m              [2m | [22m [36m92.97 kB[39m[2m | [22m
[32mstyles.css[39m         [2m | [22m[2mstyles[22m                 [2m | [22m [36m48.37 kB[39m[2m | [22m
[32mchunk-CQ7X2IJV.js[39m  [2m | [22m[2m-[22m                      [2m | [22m [36m35.02 kB[39m[2m | [22m
[32mmain.js[39m            [2m | [22m[2mmain[22m                   [2m | [22m [36m34.91 kB[39m[2m | [22m
[32mchunk-VOILF5RY.js[39m  [2m | [22m[2m-[22m                      [2m | [22m  [36m7.90 kB[39m[2m | [22m
[32mchunk-VUJOFXKG.js[39m  [2m | [22m[2m-[22m                      [2m | [22m[36m938 bytes[39m[2m | [22m

[1m [22m                  [2m | [22m[1mInitial total[22m          [2m | [22m[1m220.10 kB[22m

[1mLazy chunk files[22m   [2m | [22m[1mNames[22m                  [2m | [22m [1mRaw size[22m
[32mchunk-QHDHB4V2.js[39m  [2m | [22m[2m-[22m                      [2m | [22m [36m52.28 kB[39m[2m | [22m
[32mchunk-GDPTSW6Z.js[39m  [2m | [22m[2mclientes-form-page[22m     [2m | [22m [36m46.85 kB[39m[2m | [22m
[32mchunk-DCNIUC6Z.js[39m  [2m | [22m[2mpre-venda-form-page[22m    [2m | [22m [36m42.18 kB[39m[2m | [22m
[32mchunk-KEN4PBEM.js[39m  [2m | [22m[2mpdv-page[22m               [2m | [22m [36m39.01 kB[39m[2m | [22m
[32mchunk-GWS77KGK.js[39m  [2m | [22m[2mprodutos-list-page[22m     [2m | [22m [36m35.07 kB[39m[2m | [22m
[32mchunk-CH7A4QHD.js[39m  [2m | [22m[2mprodutos-form-page[22m     [2m | [22m [36m35.03 kB[39m[2m | [22m
[32mchunk-LFTHX2BC.js[39m  [2m | [22m[2mclientes-list-page[22m     [2m | [22m [36m28.01 kB[39m[2m | [22m
[32mchunk-UE375H2G.js[39m  [2m | [22m[2mworkspace-page[22m         [2m | [22m [36m27.58 kB[39m[2m | [22m
[32mchunk-J4UVS34K.js[39m  [2m | [22m[2minventario-page[22m        [2m | [22m [36m26.41 kB[39m[2m | [22m
[32mchunk-EOXVUXE7.js[39m  [2m | [22m[2mestoque-saldos-page[22m    [2m | [22m [36m25.53 kB[39m[2m | [22m
[32mchunk-3TVMWYGA.js[39m  [2m | [22m[2mpre-venda-list-page[22m    [2m | [22m [36m22.69 kB[39m[2m | [22m
[32mchunk-LGRANQKG.js[39m  [2m | [22m[2mnecessidade-compra-page[22m[2m | [22m [36m22.42 kB[39m[2m | [22m
[32mchunk-24QRGJ42.js[39m  [2m | [22m[2mdashboard-page[22m         [2m | [22m [36m17.74 kB[39m[2m | [22m
[32mchunk-E7XZG2MF.js[39m  [2m | [22m[2mencerrar-sessao-page[22m   [2m | [22m [36m13.72 kB[39m[2m | [22m
[32mchunk-TMAFCVET.js[39m  [2m | [22m[2msangria-page[22m           [2m | [22m [36m11.05 kB[39m[2m | [22m
[2m...and 5 more lazy chunks files. Use "--verbose" to show all the files.[22m

Application bundle generation complete. [2.935 seconds]

Watch mode enabled. Watching for file changes...
NOTE: Raw file sizes do not reflect development server per-request transformations.
Re-optimizing dependencies because lockfile has changed
  [32m➜[39m  [1mLocal[22m:   [36mhttp://127.0.0.1:[1m4300[22m/[39m
[33m❯[39m Changes detected. Rebuilding...
[32m✔[39m Changes detected. Rebuilding...
[1mInitial chunk files[22m[2m | [22m[1mNames[22m     [2m | [22m[1mRaw size[22m
[32mmain.js[39m            [2m | [22m[2mmain[22m      [2m | [22m[36m34.91 kB[39m[2m | [22m

[1mLazy chunk files[22m   [2m | [22m[1mNames[22m     [2m | [22m[1mRaw size[22m
[32mchunk-THCOBJBB.js[39m  [2m | [22m[2mlogin-page[22m[2m | [22m[36m15.36 kB[39m[2m | [22m

Application bundle generation complete. [1.074 seconds]

Page reload sent to client(s).
[33m❯[39m Changes detected. Rebuilding...
[32m✔[39m Changes detected. Rebuilding...
[1mInitial chunk files[22m[2m | [22m[1mNames[22m     [2m | [22m[1mRaw size[22m
[32mmain.js[39m            [2m | [22m[2mmain[22m      [2m | [22m[36m34.90 kB[39m[2m | [22m

[1mLazy chunk files[22m   [2m | [22m[1mNames[22m     [2m | [22m[1mRaw size[22m
[32mchunk-BYYWV7WW.js[39m  [2m | [22m[2mlogin-page[22m[2m | [22m[36m15.36 kB[39m[2m | [22m

Application bundle generation complete. [0.714 seconds]

Page reload sent to client(s).
[33m❯[39m Changes detected. Rebuilding...
[32m✔[39m Changes detected. Rebuilding...
[1mInitial chunk files[22m[2m | [22m[1mNames[22m            [2m | [22m[1mRaw size[22m
[32mchunk-UCGNS7K4.js[39m  [2m | [22m[2m-[22m                [2m | [22m[36m35.03 kB[39m[2m | [22m
[32mmain.js[39m            [2m | [22m[2mmain[22m             [2m | [22m[36m34.91 kB[39m[2m | [22m

[1mLazy chunk files[22m   [2m | [22m[1mNames[22m            [2m | [22m[1mRaw size[22m
[32mchunk-AUW55R34.js[39m  [2m | [22m[2mworkspace-page[22m   [2m | [22m[36m27.58 kB[39m[2m | [22m
[32mchunk-XZ3MVQAS.js[39m  [2m | [22m[2mdashboard-page[22m   [2m | [22m[36m17.75 kB[39m[2m | [22m
[32mchunk-JOZZM7W5.js[39m  [2m | [22m[2mlogin-page[22m       [2m | [22m[36m15.36 kB[39m[2m | [22m
[32mchunk-P4WAXABZ.js[39m  [2m | [22m[2msangria-page[22m     [2m | [22m[36m11.06 kB[39m[2m | [22m
[32mchunk-ZIHO3A2S.js[39m  [2m | [22m[2mabrir-sessao-page[22m[2m | [22m [36m8.48 kB[39m[2m | [22m

Application bundle generation complete. [0.558 seconds]

Page reload sent to client(s).
[33m❯[39m Changes detected. Rebuilding...
[32m✔[39m Changes detected. Rebuilding...
[1mInitial chunk files[22m[2m | [22m[1mNames[22m     [2m | [22m[1mRaw size[22m
[32mmain.js[39m            [2m | [22m[2mmain[22m      [2m | [22m[36m34.91 kB[39m[2m | [22m

[1mLazy chunk files[22m   [2m | [22m[1mNames[22m     [2m | [22m[1mRaw size[22m
[32mchunk-K43N2A7O.js[39m  [2m | [22m[2mlogin-page[22m[2m | [22m[36m15.36 kB[39m[2m | [22m

Application bundle generation complete. [0.350 seconds]

Page reload sent to client(s).
[33m❯[39m Changes detected. Rebuilding...
[32m✔[39m Changes detected. Rebuilding...
[1mInitial chunk files[22m[2m | [22m[1mNames[22m     [2m | [22m[1mRaw size[22m
[32mstyles.css[39m         [2m | [22m[2mstyles[22m    [2m | [22m[36m48.44 kB[39m[2m | [22m
[32mmain.js[39m            [2m | [22m[2mmain[22m      [2m | [22m[36m34.91 kB[39m[2m | [22m

[1mLazy chunk files[22m   [2m | [22m[1mNames[22m     [2m | [22m[1mRaw size[22m
[32mchunk-IQZ33DCO.js[39m  [2m | [22m[2mlogin-page[22m[2m | [22m[36m12.43 kB[39m[2m | [22m

Application bundle generation complete. [0.312 seconds]

Page reload sent to client(s).
[33m❯[39m Changes detected. Rebuilding...
[32m✔[39m Changes detected. Rebuilding...
[1mInitial chunk files[22m[2m | [22m[1mNames[22m     [2m | [22m[1mRaw size[22m
[32mmain.js[39m            [2m | [22m[2mmain[22m      [2m | [22m[36m34.91 kB[39m[2m | [22m

[1mLazy chunk files[22m   [2m | [22m[1mNames[22m     [2m | [22m[1mRaw size[22m
[32mchunk-64MNZLIJ.js[39m  [2m | [22m[2mlogin-page[22m[2m | [22m[36m12.42 kB[39m[2m | [22m

Application bundle generation complete. [0.308 seconds]

Page reload sent to client(s).
[33m❯[39m Changes detected. Rebuilding...
[32m✔[39m Changes detected. Rebuilding...
[1mInitial chunk files[22m[2m | [22m[1mNames[22m[2m | [22m[1mRaw size[22m
[32mmain.js[39m            [2m | [22m[2mmain[22m [2m | [22m[36m35.53 kB[39m[2m | [22m

Application bundle generation complete. [0.416 seconds]

Page reload sent to client(s).
[33m❯[39m Changes detected. Rebuilding...
[32m✔[39m Changes detected. Rebuilding...
[1mInitial chunk files[22m[2m | [22m[1mNames[22m     [2m | [22m[1mRaw size[22m
[32mmain.js[39m            [2m | [22m[2mmain[22m      [2m | [22m[36m35.53 kB[39m[2m | [22m

[1mLazy chunk files[22m   [2m | [22m[1mNames[22m     [2m | [22m[1mRaw size[22m
[32mchunk-YRK3GAYF.js[39m  [2m | [22m[2mlogin-page[22m[2m | [22m[36m12.65 kB[39m[2m | [22m

Application bundle generation complete. [0.240 seconds]

Page reload sent to client(s).
[33m❯[39m Changes detected. Rebuilding...
[32m✔[39m Changes detected. Rebuilding...

No output file changes.

Application bundle generation complete. [0.153 seconds]

Page reload sent to client(s).
[33m❯[39m Changes detected. Rebuilding...
[32m✔[39m Changes detected. Rebuilding...
[1mInitial chunk files[22m[2m | [22m[1mNames[22m[2m | [22m[1mRaw size[22m
[32mmain.js[39m            [2m | [22m[2mmain[22m [2m | [22m[36m34.91 kB[39m[2m | [22m

Application bundle generation complete. [0.207 seconds]

Page reload sent to client(s).
[33m❯[39m Changes detected. Rebuilding...
[32m✔[39m Changes detected. Rebuilding...
[1mInitial chunk files[22m[2m | [22m[1mNames[22m[2m | [22m[1mRaw size[22m
[32mmain.js[39m            [2m | [22m[2mmain[22m [2m | [22m[36m34.92 kB[39m[2m | [22m

Application bundle generation complete. [0.290 seconds]

Page reload sent to client(s).
[33m❯[39m Changes detected. Rebuilding...
[32m✔[39m Changes detected. Rebuilding...
[1mInitial chunk files[22m[2m | [22m[1mNames[22m[2m | [22m[1mRaw size[22m
[32mmain.js[39m            [2m | [22m[2mmain[22m [2m | [22m[36m34.30 kB[39m[2m | [22m

Application bundle generation complete. [0.447 seconds]

Page reload sent to client(s).
[33m❯[39m Changes detected. Rebuilding...
[32m✔[39m Changes detected. Rebuilding...
[1mInitial chunk files[22m[2m | [22m[1mNames[22m [2m | [22m[1mRaw size[22m
[32mstyles.css[39m         [2m | [22m[2mstyles[22m[2m | [22m[36m49.65 kB[39m[2m | [22m

Application bundle generation complete. [0.254 seconds]

HMR update sent to client(s).
[33m❯[39m Changes detected. Rebuilding...
[32m✔[39m Changes detected. Rebuilding...
[1mInitial chunk files[22m[2m | [22m[1mNames[22m[2m | [22m[1mRaw size[22m
[32mmain.js[39m            [2m | [22m[2mmain[22m [2m | [22m[36m34.29 kB[39m[2m | [22m

Application bundle generation complete. [0.221 seconds]

Page reload sent to client(s).
[33m❯[39m Changes detected. Rebuilding...
[32m✔[39m Changes detected. Rebuilding...
[1mInitial chunk files[22m[2m | [22m[1mNames[22m     [2m | [22m[1mRaw size[22m
[32mmain.js[39m            [2m | [22m[2mmain[22m      [2m | [22m[36m34.29 kB[39m[2m | [22m

[1mLazy chunk files[22m   [2m | [22m[1mNames[22m     [2m | [22m[1mRaw size[22m
[32mchunk-36L3UXQ3.js[39m  [2m | [22m[2mlogin-page[22m[2m | [22m[36m13.22 kB[39m[2m | [22m

Application bundle generation complete. [0.176 seconds]

Page reload sent to client(s).
[33m❯[39m Changes detected. Rebuilding...
[32m✔[39m Changes detected. Rebuilding...
[1mInitial chunk files[22m[2m | [22m[1mNames[22m[2m | [22m[1mRaw size[22m
[32mmain.js[39m            [2m | [22m[2mmain[22m [2m | [22m[36m34.49 kB[39m[2m | [22m

Application bundle generation complete. [0.224 seconds]

Page reload sent to client(s).
[33m❯[39m Changes detected. Rebuilding...
[32m✔[39m Changes detected. Rebuilding...
[1mInitial chunk files[22m[2m | [22m[1mNames[22m[2m | [22m[1mRaw size[22m
[32mmain.js[39m            [2m | [22m[2mmain[22m [2m | [22m[36m34.69 kB[39m[2m | [22m

Application bundle generation complete. [0.186 seconds]

Page reload sent to client(s).
[33m❯[39m Changes detected. Rebuilding...
[32m✔[39m Changes detected. Rebuilding...
[1mInitial chunk files[22m[2m | [22m[1mNames[22m               [2m | [22m[1mRaw size[22m
[32mmain.js[39m            [2m | [22m[2mmain[22m                [2m | [22m[36m34.69 kB[39m[2m | [22m

[1mLazy chunk files[22m   [2m | [22m[1mNames[22m               [2m | [22m[1mRaw size[22m
[32mchunk-PSVEEMBE.js[39m  [2m | [22m[2mstore-selection-page[22m[2m | [22m [36m8.38 kB[39m[2m | [22m

Application bundle generation complete. [0.187 seconds]

Page reload sent to client(s).
[33m❯[39m Changes detected. Rebuilding...
[32m✔[39m Changes detected. Rebuilding...
[1mInitial chunk files[22m[2m | [22m[1mNames[22m         [2m | [22m[1mRaw size[22m
[32mmain.js[39m            [2m | [22m[2mmain[22m          [2m | [22m[36m34.69 kB[39m[2m | [22m

[1mLazy chunk files[22m   [2m | [22m[1mNames[22m         [2m | [22m[1mRaw size[22m
[32mchunk-RI3VCYU2.js[39m  [2m | [22m[2mdashboard-page[22m[2m | [22m[36m17.67 kB[39m[2m | [22m

Application bundle generation complete. [0.240 seconds]

Page reload sent to client(s).
[33m❯[39m Changes detected. Rebuilding...
[32m✔[39m Changes detected. Rebuilding...

No output file changes.

Application bundle generation complete. [0.139 seconds]

[33m❯[39m Changes detected. Rebuilding...
[32m✔[39m Changes detected. Rebuilding...
[1mInitial chunk files[22m[2m | [22m[1mNames[22m   [2m | [22m[1mRaw size[22m
[32mmain.js[39m            [2m | [22m[2mmain[22m    [2m | [22m[36m34.69 kB[39m[2m | [22m

[1mLazy chunk files[22m   [2m | [22m[1mNames[22m   [2m | [22m[1mRaw size[22m
[32mchunk-7WPFUNQD.js[39m  [2m | [22m[2mpdv-page[22m[2m | [22m[36m39.71 kB[39m[2m | [22m

Application bundle generation complete. [0.291 seconds]

Page reload sent to client(s).
[33m❯[39m Changes detected. Rebuilding...
[32m✔[39m Changes detected. Rebuilding...
[1mInitial chunk files[22m[2m | [22m[1mNames[22m [2m | [22m[1mRaw size[22m
[32mstyles.css[39m         [2m | [22m[2mstyles[22m[2m | [22m[36m49.86 kB[39m[2m | [22m

Application bundle generation complete. [0.239 seconds]

HMR update sent to client(s).
[33m❯[39m Changes detected. Rebuilding...
[32m✔[39m Changes detected. Rebuilding...
[1mInitial chunk files[22m[2m | [22m[1mNames[22m[2m | [22m[1mRaw size[22m
[32mmain.js[39m            [2m | [22m[2mmain[22m [2m | [22m[36m34.70 kB[39m[2m | [22m

Application bundle generation complete. [0.226 seconds]

Page reload sent to client(s).
[33m❯[39m Changes detected. Rebuilding...
[32m✔[39m Changes detected. Rebuilding...
[1mInitial chunk files[22m[2m | [22m[1mNames[22m               [2m | [22m[1mRaw size[22m
[32mmain.js[39m            [2m | [22m[2mmain[22m                [2m | [22m[36m34.70 kB[39m[2m | [22m

[1mLazy chunk files[22m   [2m | [22m[1mNames[22m               [2m | [22m[1mRaw size[22m
[32mchunk-MLO2RLY3.js[39m  [2m | [22m[2mstore-selection-page[22m[2m | [22m [36m8.49 kB[39m[2m | [22m

Application bundle generation complete. [0.414 seconds]

Page reload sent to client(s).
[33m❯[39m Changes detected. Rebuilding...
[32m✔[39m Changes detected. Rebuilding...
[1mInitial chunk files[22m[2m | [22m[1mNames[22m[2m | [22m[1mRaw size[22m
[32mmain.js[39m            [2m | [22m[2mmain[22m [2m | [22m[36m34.80 kB[39m[2m | [22m

Application bundle generation complete. [0.243 seconds]

Page reload sent to client(s).
[33m❯[39m Changes detected. Rebuilding...
[32m✔[39m Changes detected. Rebuilding...
[1mInitial chunk files[22m[2m | [22m[1mNames[22m               [2m | [22m[1mRaw size[22m
[32mmain.js[39m            [2m | [22m[2mmain[22m                [2m | [22m[36m34.80 kB[39m[2m | [22m

[1mLazy chunk files[22m   [2m | [22m[1mNames[22m               [2m | [22m[1mRaw size[22m
[32mchunk-R2U2GBB3.js[39m  [2m | [22m[2mstore-selection-page[22m[2m | [22m [36m8.58 kB[39m[2m | [22m

Application bundle generation complete. [0.185 seconds]

Page reload sent to client(s).
[33m❯[39m Changes detected. Rebuilding...
[32m✔[39m Changes detected. Rebuilding...
[1mInitial chunk files[22m[2m | [22m[1mNames[22m               [2m | [22m[1mRaw size[22m
[32mmain.js[39m            [2m | [22m[2mmain[22m                [2m | [22m[36m34.80 kB[39m[2m | [22m

[1mLazy chunk files[22m   [2m | [22m[1mNames[22m               [2m | [22m[1mRaw size[22m
[32mchunk-2773M7YR.js[39m  [2m | [22m[2mstore-selection-page[22m[2m | [22m [36m9.40 kB[39m[2m | [22m

Application bundle generation complete. [0.246 seconds]

Page reload sent to client(s).
[33m❯[39m Changes detected. Rebuilding...
[32m✔[39m Changes detected. Rebuilding...
[1mInitial chunk files[22m[2m | [22m[1mNames[22m               [2m | [22m[1mRaw size[22m
[32mmain.js[39m            [2m | [22m[2mmain[22m                [2m | [22m[36m35.45 kB[39m[2m | [22m
[32mchunk-RN3BMPZC.js[39m  [2m | [22m[2m-[22m                   [2m | [22m [36m7.89 kB[39m[2m | [22m

[1mLazy chunk files[22m   [2m | [22m[1mNames[22m               [2m | [22m[1mRaw size[22m
[32mchunk-4ZCAP7D3.js[39m  [2m | [22m[2mdashboard-page[22m      [2m | [22m[36m17.67 kB[39m[2m | [22m
[32mchunk-PQNJFPTQ.js[39m  [2m | [22m[2mlogin-page[22m          [2m | [22m[36m13.21 kB[39m[2m | [22m
[32mchunk-DVMI4SUD.js[39m  [2m | [22m[2mstore-selection-page[22m[2m | [22m [36m9.40 kB[39m[2m | [22m

Application bundle generation complete. [0.573 seconds]

Page reload sent to client(s).
[33m❯[39m Changes detected. Rebuilding...
[32m✔[39m Changes detected. Rebuilding...

No output file changes.

Application bundle generation complete. [0.205 seconds]

[33m❯[39m Changes detected. Rebuilding...
[32m✔[39m Changes detected. Rebuilding...

No output file changes.

Application bundle generation complete. [0.473 seconds]

[33m❯[39m Changes detected. Rebuilding...
[32m✔[39m Changes detected. Rebuilding...

No output file changes.

Application bundle generation complete. [0.206 seconds]

[33m❯[39m Changes detected. Rebuilding...
[32m✔[39m Changes detected. Rebuilding...
[1mInitial chunk files[22m[2m | [22m[1mNames[22m [2m | [22m[1mRaw size[22m
[32mstyles.css[39m         [2m | [22m[2mstyles[22m[2m | [22m[36m50.16 kB[39m[2m | [22m
[32mmain.js[39m            [2m | [22m[2mmain[22m  [2m | [22m[36m35.21 kB[39m[2m | [22m

Application bundle generation complete. [0.330 seconds]

Page reload sent to client(s).
[33m❯[39m Changes detected. Rebuilding...
[32m✔[39m Changes detected. Rebuilding...
[1mInitial chunk files[22m[2m | [22m[1mNames[22m   [2m | [22m[1mRaw size[22m
[32mmain.js[39m            [2m | [22m[2mmain[22m    [2m | [22m[36m35.08 kB[39m[2m | [22m

[1mLazy chunk files[22m   [2m | [22m[1mNames[22m   [2m | [22m[1mRaw size[22m
[32mchunk-AREM2H2W.js[39m  [2m | [22m[2mpdv-page[22m[2m | [22m[36m39.71 kB[39m[2m | [22m

Application bundle generation complete. [0.517 seconds]

Page reload sent to client(s).
[33m❯[39m Changes detected. Rebuilding...
[32m✔[39m Changes detected. Rebuilding...
[1mInitial chunk files[22m[2m | [22m[1mNames[22m   [2m | [22m[1mRaw size[22m
[32mmain.js[39m            [2m | [22m[2mmain[22m    [2m | [22m[36m35.08 kB[39m[2m | [22m

[1mLazy chunk files[22m   [2m | [22m[1mNames[22m   [2m | [22m[1mRaw size[22m
[32mchunk-353ZV234.js[39m  [2m | [22m[2mpdv-page[22m[2m | [22m[36m39.59 kB[39m[2m | [22m

Application bundle generation complete. [0.353 seconds]

Page reload sent to client(s).
[33m❯[39m Changes detected. Rebuilding...
[32m✔[39m Changes detected. Rebuilding...
[1mInitial chunk files[22m[2m | [22m[1mNames[22m[2m | [22m[1mRaw size[22m
[32mmain.js[39m            [2m | [22m[2mmain[22m [2m | [22m[36m34.78 kB[39m[2m | [22m

Application bundle generation complete. [0.287 seconds]

Page reload sent to client(s).
[33m❯[39m Changes detected. Rebuilding...
[32m✔[39m Changes detected. Rebuilding...

No output file changes.

Application bundle generation complete. [0.406 seconds]

